// Jest Snapshot v1, https://goo.gl/fbAQLP

exports[`NewsPageComponent test NewsPageComponent should to match snapshot 1`] = `
<Provider
  store={
    Object {
      "@@observable": [Function],
      "dispatch": [Function],
      "getState": [Function],
      "replaceReducer": [Function],
      "subscribe": [Function],
    }
  }
>
  <NewsPageComponent />
</Provider>
`;

exports[`NewsPageComponent test renders NewsPageComponent loader 1`] = `
<Provider
  store={
    Object {
      "@@observable": [Function],
      "dispatch": [Function],
      "getState": [Function],
      "replaceReducer": [Function],
      "subscribe": [Function],
    }
  }
>
  <NewsPageComponent />
</Provider>
`;
