// Jest Snapshot v1, https://goo.gl/fbAQLP

exports[`MainPage test MainPage should to match snapshot 1`] = `
<Provider
  store={
    Object {
      "@@observable": [Function],
      "dispatch": [Function],
      "getState": [Function],
      "replaceReducer": [Function],
      "subscribe": [Function],
    }
  }
>
  <MainPage />
</Provider>
`;

exports[`MainPage test renders MainPage ButtonUpdateNewsComponent 1`] = `
<Provider
  store={
    Object {
      "@@observable": [Function],
      "dispatch": [Function],
      "getState": [Function],
      "replaceReducer": [Function],
      "subscribe": [Function],
    }
  }
>
  <MainPage />
</Provider>
`;

exports[`MainPage test renders MainPage container 1`] = `
<Provider
  store={
    Object {
      "@@observable": [Function],
      "dispatch": [Function],
      "getState": [Function],
      "replaceReducer": [Function],
      "subscribe": [Function],
    }
  }
>
  <MainPage />
</Provider>
`;

exports[`MainPage test renders MainPage loader 1`] = `
<Provider
  store={
    Object {
      "@@observable": [Function],
      "dispatch": [Function],
      "getState": [Function],
      "replaceReducer": [Function],
      "subscribe": [Function],
    }
  }
>
  <MainPage />
</Provider>
`;
